{
  "Boston Red Sox": 1,
  "Detroit Tigers": 2,
  "New York Yankees": null
}
