{
  "a": "b",
  "c": null,
  "d": [
    "e",
    "f"
  ]
}
