{
  "not-date": "2002-04-28",
  "picture": "R0lGODlhDAAMAIQAAP//9/X\n17unp5WZmZgAAAOfn515eXv\nPz7Y6OjuDg4J+fn5OTk6enp\n56enmleECcgggoBADs=\n"
}
