{
  "Detroit Tigers,Chicago cubs": [
    "2001-07-23T00:00:00.000Z"
  ],
  "New York Yankees,Atlanta Braves": [
    "2001-07-02T00:00:00.000Z",
    "2001-08-12T00:00:00.000Z",
    "2001-08-14T00:00:00.000Z"
  ]
}
