(!) . flip (
    (`canonical; 2001.12.15D02:59:43.100000000);
    (`iso8601  ; 2001.12.14D16:59:43.100000000);
    (`spaced   ; 2001.12.14D16:59:43.100000000);
    (`kdb      ; 2001.12.14D21:59:43.100000000);
    (`date     ; 2002.12.14D00:00:00.000000000)
    )
