{"canonical": 12345, "decimal": "+12345", "octal": 12, "hexadecimal": 12}
