{
  "canonical": "2001-12-15T02:59:43.100Z",
  "iso8601": "2001-12-15T02:59:43.100Z",
  "spaced": "2001-12-15T02:59:43.100Z",
  "kdb": "2001-12-14T21:59:43.1",
  "date": "2002-12-14T00:00:00.000Z"
}
