{"canonical": 1230.15, "exponential": 1230.15, "fixed": 1230.15, "negative infinity": -Infinity, "not a number": NaN}
