[
  {
    "Time": "2001-11-23T20:01:42.000Z",
    "User": "ed",
    "Warning": "This is an error message for the log file"
  },
  {
    "Time": "2001-11-23T20:02:31.000Z",
    "User": "ed",
    "Warning": "A slightly different error message."
  },
  {
    "Date": "2001-11-23T20:03:17.000Z",
    "User": "ed",
    "Fatal": "Unknown variable \"bar\"",
    "Stack": [
      {
        "file": "TopClass.py",
        "line": 23,
        "code": "x = MoreObject(\"345\\n\")\n"
      },
      {
        "file": "MoreClass.py",
        "line": 58,
        "code": "foo = bar"
      }
    ]
  }
]
